// Jest Snapshot v1, https://goo.gl/fbAQLP

exports[`< /> renders correctly 1`] = `
<div>
  <h4>
    Basic Auth
  </h4>
  <form>
    <input
      id="name"
      placeholder="username"
    />
    <input
      id="pass"
      placeholder="password"
    />
    <h4>
      Bearer Token
    </h4>
    <input
      placeholder="token"
    />
  </form>
</div>
`;
